../Core/Src/main.c:92:6:delay	16	static
../Core/Src/main.c:100:6:HAL_TIM_IC_CaptureCallback	16	static
../Core/Src/main.c:200:6:CheckRoomState	8	static
../Core/Src/main.c:231:6:HCSR04_Read_1	8	static
../Core/Src/main.c:239:6:HCSR04_Read_2	8	static
../Core/Src/main.c:254:5:main	8	static
../Core/Src/main.c:315:6:SystemClock_Config	72	static
../Core/Src/main.c:355:13:MX_I2C1_Init	8	static
../Core/Src/main.c:389:13:MX_TIM1_Init	48	static
../Core/Src/main.c:448:13:MX_TIM2_Init	48	static
../Core/Src/main.c:506:13:MX_GPIO_Init	40	static
../Core/Src/main.c:539:6:Error_Handler	4	static,ignoring_inline_asm
